Archive member included because of file (symbol)

d:/imt/imt_sdk_win_64/winavr/bin/../lib/gcc/avr/4.3.3/avr5\libgcc.a(_mulsi3.o)
                              ./MCAL/TIMER_1/TIMER1_program.o (__mulsi3)
d:/imt/imt_sdk_win_64/winavr/bin/../lib/gcc/avr/4.3.3/avr5\libgcc.a(_udivmodhi4.o)
                              ./HAL/SERVO/SERVO.o (__udivmodhi4)
d:/imt/imt_sdk_win_64/winavr/bin/../lib/gcc/avr/4.3.3/avr5\libgcc.a(_udivmodsi4.o)
                              ./MCAL/TIMER_1/TIMER1_program.o (__udivmodsi4)
d:/imt/imt_sdk_win_64/winavr/bin/../lib/gcc/avr/4.3.3/avr5\libgcc.a(_divmodsi4.o)
                              ./HAL/LCD/LCD_program.o (__divmodsi4)
d:/imt/imt_sdk_win_64/winavr/bin/../lib/gcc/avr/4.3.3/avr5\libgcc.a(_exit.o)
                              d:/imt/imt_sdk_win_64/winavr/bin/../lib/gcc/avr/4.3.3/../../../../avr/lib/avr5/crtm32.o (exit)
d:/imt/imt_sdk_win_64/winavr/bin/../lib/gcc/avr/4.3.3/avr5\libgcc.a(_copy_data.o)
                              ./HAL/KPD/KPD_PROG.o (__do_copy_data)
d:/imt/imt_sdk_win_64/winavr/bin/../lib/gcc/avr/4.3.3/avr5\libgcc.a(_clear_bss.o)
                              ./MCAL/TIMER_1/TIMER1_program.o (__do_clear_bss)
d:/imt/imt_sdk_win_64/winavr/bin/../lib/gcc/avr/4.3.3/avr5\libgcc.a(_fixunssfsi.o)
                              ./HAL/LCD/LCD_program.o (__fixunssfsi)
d:/imt/imt_sdk_win_64/winavr/bin/../lib/gcc/avr/4.3.3/avr5\libgcc.a(_addsub_sf.o)
                              ./HAL/LCD/LCD_program.o (__subsf3)
d:/imt/imt_sdk_win_64/winavr/bin/../lib/gcc/avr/4.3.3/avr5\libgcc.a(_mul_sf.o)
                              ./HAL/LCD/LCD_program.o (__mulsf3)
d:/imt/imt_sdk_win_64/winavr/bin/../lib/gcc/avr/4.3.3/avr5\libgcc.a(_ge_sf.o)
                              d:/imt/imt_sdk_win_64/winavr/bin/../lib/gcc/avr/4.3.3/avr5\libgcc.a(_fixunssfsi.o) (__gesf2)
d:/imt/imt_sdk_win_64/winavr/bin/../lib/gcc/avr/4.3.3/avr5\libgcc.a(_lt_sf.o)
                              ./HAL/LCD/LCD_program.o (__ltsf2)
d:/imt/imt_sdk_win_64/winavr/bin/../lib/gcc/avr/4.3.3/avr5\libgcc.a(_sf_to_si.o)
                              d:/imt/imt_sdk_win_64/winavr/bin/../lib/gcc/avr/4.3.3/avr5\libgcc.a(_fixunssfsi.o) (__fixsfsi)
d:/imt/imt_sdk_win_64/winavr/bin/../lib/gcc/avr/4.3.3/avr5\libgcc.a(_thenan_sf.o)
                              d:/imt/imt_sdk_win_64/winavr/bin/../lib/gcc/avr/4.3.3/avr5\libgcc.a(_addsub_sf.o) (__thenan_sf)
d:/imt/imt_sdk_win_64/winavr/bin/../lib/gcc/avr/4.3.3/avr5\libgcc.a(_usi_to_sf.o)
                              ./HAL/LCD/LCD_program.o (__floatunsisf)
d:/imt/imt_sdk_win_64/winavr/bin/../lib/gcc/avr/4.3.3/avr5\libgcc.a(_prologue.o)
                              d:/imt/imt_sdk_win_64/winavr/bin/../lib/gcc/avr/4.3.3/avr5\libgcc.a(_addsub_sf.o) (__prologue_saves__)
d:/imt/imt_sdk_win_64/winavr/bin/../lib/gcc/avr/4.3.3/avr5\libgcc.a(_epilogue.o)
                              d:/imt/imt_sdk_win_64/winavr/bin/../lib/gcc/avr/4.3.3/avr5\libgcc.a(_addsub_sf.o) (__epilogue_restores__)
d:/imt/imt_sdk_win_64/winavr/bin/../lib/gcc/avr/4.3.3/avr5\libgcc.a(_clzsi2.o)
                              d:/imt/imt_sdk_win_64/winavr/bin/../lib/gcc/avr/4.3.3/avr5\libgcc.a(_usi_to_sf.o) (__clzsi2)
d:/imt/imt_sdk_win_64/winavr/bin/../lib/gcc/avr/4.3.3/avr5\libgcc.a(_pack_sf.o)
                              d:/imt/imt_sdk_win_64/winavr/bin/../lib/gcc/avr/4.3.3/avr5\libgcc.a(_addsub_sf.o) (__pack_f)
d:/imt/imt_sdk_win_64/winavr/bin/../lib/gcc/avr/4.3.3/avr5\libgcc.a(_unpack_sf.o)
                              d:/imt/imt_sdk_win_64/winavr/bin/../lib/gcc/avr/4.3.3/avr5\libgcc.a(_addsub_sf.o) (__unpack_f)
d:/imt/imt_sdk_win_64/winavr/bin/../lib/gcc/avr/4.3.3/avr5\libgcc.a(_fpcmp_parts_sf.o)
                              d:/imt/imt_sdk_win_64/winavr/bin/../lib/gcc/avr/4.3.3/avr5\libgcc.a(_ge_sf.o) (__fpcmp_parts_f)
d:/imt/imt_sdk_win_64/winavr/bin/../lib/gcc/avr/4.3.3/avr5\libgcc.a(_clz.o)
                              d:/imt/imt_sdk_win_64/winavr/bin/../lib/gcc/avr/4.3.3/avr5\libgcc.a(_clzsi2.o) (__clz_tab)

Allocating common symbols
Common symbol       size              file

TIMER1_CALL_BACK    0x2               ./MCAL/TIMER_1/TIMER1_program.o
TIMER0_CALL_BACK_2  0x2               ./MCAL/TIMER_0/TIMER0_program.o
TIMER0_CALL_BACK    0x2               ./MCAL/TIMER_0/TIMER0_program.o
u8KpdOutput         0x1               ./APP/main.o
TIMER0_CALL_BACK_1  0x2               ./MCAL/TIMER_0/TIMER0_program.o

Memory Configuration

Name             Origin             Length             Attributes
text             0x00000000         0x00020000         xr
data             0x00800060         0x0000ffa0         rw !x
eeprom           0x00810000         0x00010000         rw !x
fuse             0x00820000         0x00000400         rw !x
lock             0x00830000         0x00000400         rw !x
signature        0x00840000         0x00000400         rw !x
*default*        0x00000000         0xffffffff

Linker script and memory map

LOAD d:/imt/imt_sdk_win_64/winavr/bin/../lib/gcc/avr/4.3.3/../../../../avr/lib/avr5/crtm32.o
LOAD ./MCAL/TIMER_1/TIMER1_program.o
LOAD ./MCAL/TIMER_0/TIMER0_program.o
LOAD ./MCAL/GIE/GIE_PROG.o
LOAD ./MCAL/EXTI/EXTI_PROG.o
LOAD ./MCAL/DIO/DIO_program.o
LOAD ./MCAL/ADC/ADC_program.o
LOAD ./HAL/SERVO/SERVO.o
LOAD ./HAL/LED/LED_program.o
LOAD ./HAL/LCD/LCD_program.o
LOAD ./HAL/KPD/KPD_PROG.o
LOAD ./HAL/BUZZER/BUZZER_program.o
LOAD ./APP/main.o
LOAD d:/imt/imt_sdk_win_64/winavr/bin/../lib/gcc/avr/4.3.3/avr5\libgcc.a
LOAD d:/imt/imt_sdk_win_64/winavr/bin/../lib/gcc/avr/4.3.3/../../../../avr/lib/avr5\libc.a
LOAD d:/imt/imt_sdk_win_64/winavr/bin/../lib/gcc/avr/4.3.3/avr5\libgcc.a

.hash
 *(.hash)

.dynsym
 *(.dynsym)

.dynstr
 *(.dynstr)

.gnu.version
 *(.gnu.version)

.gnu.version_d
 *(.gnu.version_d)

.gnu.version_r
 *(.gnu.version_r)

.rel.init
 *(.rel.init)

.rela.init
 *(.rela.init)

.rel.text
 *(.rel.text)
 *(.rel.text.*)
 *(.rel.gnu.linkonce.t*)

.rela.text
 *(.rela.text)
 *(.rela.text.*)
 *(.rela.gnu.linkonce.t*)

.rel.fini
 *(.rel.fini)

.rela.fini
 *(.rela.fini)

.rel.rodata
 *(.rel.rodata)
 *(.rel.rodata.*)
 *(.rel.gnu.linkonce.r*)

.rela.rodata
 *(.rela.rodata)
 *(.rela.rodata.*)
 *(.rela.gnu.linkonce.r*)

.rel.data
 *(.rel.data)
 *(.rel.data.*)
 *(.rel.gnu.linkonce.d*)

.rela.data
 *(.rela.data)
 *(.rela.data.*)
 *(.rela.gnu.linkonce.d*)

.rel.ctors
 *(.rel.ctors)

.rela.ctors
 *(.rela.ctors)

.rel.dtors
 *(.rel.dtors)

.rela.dtors
 *(.rela.dtors)

.rel.got
 *(.rel.got)

.rela.got
 *(.rela.got)

.rel.bss
 *(.rel.bss)

.rela.bss
 *(.rela.bss)

.rel.plt
 *(.rel.plt)

.rela.plt
 *(.rela.plt)

.text           0x00000000     0x26e8
 *(.vectors)
 .vectors       0x00000000       0x54 d:/imt/imt_sdk_win_64/winavr/bin/../lib/gcc/avr/4.3.3/../../../../avr/lib/avr5/crtm32.o
                0x00000000                __vectors
                0x00000000                __vector_default
 *(.vectors)
 *(.progmem.gcc*)
 *(.progmem*)
                0x00000054                . = ALIGN (0x2)
                0x00000054                __trampolines_start = .
 *(.trampolines)
 .trampolines   0x00000054        0x0 linker stubs
 *(.trampolines*)
                0x00000054                __trampolines_end = .
 *(.jumptables)
 *(.jumptables*)
 *(.lowtext)
 *(.lowtext*)
                0x00000054                __ctors_start = .
 *(.ctors)
                0x00000054                __ctors_end = .
                0x00000054                __dtors_start = .
 *(.dtors)
                0x00000054                __dtors_end = .
 SORT(*)(.ctors)
 SORT(*)(.dtors)
 *(.init0)
 .init0         0x00000054        0x0 d:/imt/imt_sdk_win_64/winavr/bin/../lib/gcc/avr/4.3.3/../../../../avr/lib/avr5/crtm32.o
                0x00000054                __init
 *(.init0)
 *(.init1)
 *(.init1)
 *(.init2)
 .init2         0x00000054        0xc d:/imt/imt_sdk_win_64/winavr/bin/../lib/gcc/avr/4.3.3/../../../../avr/lib/avr5/crtm32.o
 *(.init2)
 *(.init3)
 *(.init3)
 *(.init4)
 .init4         0x00000060       0x16 d:/imt/imt_sdk_win_64/winavr/bin/../lib/gcc/avr/4.3.3/avr5\libgcc.a(_copy_data.o)
                0x00000060                __do_copy_data
 .init4         0x00000076       0x10 d:/imt/imt_sdk_win_64/winavr/bin/../lib/gcc/avr/4.3.3/avr5\libgcc.a(_clear_bss.o)
                0x00000076                __do_clear_bss
 *(.init4)
 *(.init5)
 *(.init5)
 *(.init6)
 *(.init6)
 *(.init7)
 *(.init7)
 *(.init8)
 *(.init8)
 *(.init9)
 .init9         0x00000086        0x8 d:/imt/imt_sdk_win_64/winavr/bin/../lib/gcc/avr/4.3.3/../../../../avr/lib/avr5/crtm32.o
 *(.init9)
 *(.text)
 .text          0x0000008e        0x4 d:/imt/imt_sdk_win_64/winavr/bin/../lib/gcc/avr/4.3.3/../../../../avr/lib/avr5/crtm32.o
                0x0000008e                __vector_12
                0x0000008e                __bad_interrupt
                0x0000008e                __vector_6
                0x0000008e                __vector_13
                0x0000008e                __vector_17
                0x0000008e                __vector_19
                0x0000008e                __vector_5
                0x0000008e                __vector_4
                0x0000008e                __vector_9
                0x0000008e                __vector_15
                0x0000008e                __vector_8
                0x0000008e                __vector_14
                0x0000008e                __vector_16
                0x0000008e                __vector_18
                0x0000008e                __vector_20
 .text          0x00000092        0x0 ./MCAL/TIMER_1/TIMER1_program.o
 .text          0x00000092        0x0 ./MCAL/TIMER_0/TIMER0_program.o
 .text          0x00000092        0x0 ./MCAL/GIE/GIE_PROG.o
 .text          0x00000092        0x0 ./MCAL/EXTI/EXTI_PROG.o
 .text          0x00000092        0x0 ./MCAL/DIO/DIO_program.o
 .text          0x00000092        0x0 ./MCAL/ADC/ADC_program.o
 .text          0x00000092        0x0 ./HAL/SERVO/SERVO.o
 .text          0x00000092        0x0 ./HAL/LED/LED_program.o
 .text          0x00000092        0x0 ./HAL/LCD/LCD_program.o
 .text          0x00000092        0x0 ./HAL/KPD/KPD_PROG.o
 .text          0x00000092        0x0 ./HAL/BUZZER/BUZZER_program.o
 .text          0x00000092        0x0 ./APP/main.o
 .text          0x00000092        0x0 d:/imt/imt_sdk_win_64/winavr/bin/../lib/gcc/avr/4.3.3/avr5\libgcc.a(_mulsi3.o)
 .text          0x00000092        0x0 d:/imt/imt_sdk_win_64/winavr/bin/../lib/gcc/avr/4.3.3/avr5\libgcc.a(_udivmodhi4.o)
 .text          0x00000092        0x0 d:/imt/imt_sdk_win_64/winavr/bin/../lib/gcc/avr/4.3.3/avr5\libgcc.a(_udivmodsi4.o)
 .text          0x00000092        0x0 d:/imt/imt_sdk_win_64/winavr/bin/../lib/gcc/avr/4.3.3/avr5\libgcc.a(_divmodsi4.o)
 .text          0x00000092        0x0 d:/imt/imt_sdk_win_64/winavr/bin/../lib/gcc/avr/4.3.3/avr5\libgcc.a(_exit.o)
 .text          0x00000092        0x0 d:/imt/imt_sdk_win_64/winavr/bin/../lib/gcc/avr/4.3.3/avr5\libgcc.a(_copy_data.o)
 .text          0x00000092        0x0 d:/imt/imt_sdk_win_64/winavr/bin/../lib/gcc/avr/4.3.3/avr5\libgcc.a(_clear_bss.o)
 .text          0x00000092       0x58 d:/imt/imt_sdk_win_64/winavr/bin/../lib/gcc/avr/4.3.3/avr5\libgcc.a(_fixunssfsi.o)
                0x00000092                __fixunssfsi
 .text          0x000000ea      0x354 d:/imt/imt_sdk_win_64/winavr/bin/../lib/gcc/avr/4.3.3/avr5\libgcc.a(_addsub_sf.o)
                0x00000382                __subsf3
                0x000003e4                __addsf3
 .text          0x0000043e      0x1f4 d:/imt/imt_sdk_win_64/winavr/bin/../lib/gcc/avr/4.3.3/avr5\libgcc.a(_mul_sf.o)
                0x0000043e                __mulsf3
 .text          0x00000632       0x60 d:/imt/imt_sdk_win_64/winavr/bin/../lib/gcc/avr/4.3.3/avr5\libgcc.a(_ge_sf.o)
                0x00000632                __gesf2
 .text          0x00000692       0x60 d:/imt/imt_sdk_win_64/winavr/bin/../lib/gcc/avr/4.3.3/avr5\libgcc.a(_lt_sf.o)
                0x00000692                __ltsf2
 .text          0x000006f2       0xa8 d:/imt/imt_sdk_win_64/winavr/bin/../lib/gcc/avr/4.3.3/avr5\libgcc.a(_sf_to_si.o)
                0x000006f2                __fixsfsi
 .text          0x0000079a        0x0 d:/imt/imt_sdk_win_64/winavr/bin/../lib/gcc/avr/4.3.3/avr5\libgcc.a(_thenan_sf.o)
 .text          0x0000079a       0xf2 d:/imt/imt_sdk_win_64/winavr/bin/../lib/gcc/avr/4.3.3/avr5\libgcc.a(_usi_to_sf.o)
                0x0000079a                __floatunsisf
 .text          0x0000088c        0x0 d:/imt/imt_sdk_win_64/winavr/bin/../lib/gcc/avr/4.3.3/avr5\libgcc.a(_prologue.o)
 .text          0x0000088c        0x0 d:/imt/imt_sdk_win_64/winavr/bin/../lib/gcc/avr/4.3.3/avr5\libgcc.a(_epilogue.o)
 .text          0x0000088c       0x9e d:/imt/imt_sdk_win_64/winavr/bin/../lib/gcc/avr/4.3.3/avr5\libgcc.a(_clzsi2.o)
                0x0000088c                __clzsi2
 .text          0x0000092a      0x1aa d:/imt/imt_sdk_win_64/winavr/bin/../lib/gcc/avr/4.3.3/avr5\libgcc.a(_pack_sf.o)
                0x0000092a                __pack_f
 .text          0x00000ad4       0xf0 d:/imt/imt_sdk_win_64/winavr/bin/../lib/gcc/avr/4.3.3/avr5\libgcc.a(_unpack_sf.o)
                0x00000ad4                __unpack_f
 .text          0x00000bc4       0xb2 d:/imt/imt_sdk_win_64/winavr/bin/../lib/gcc/avr/4.3.3/avr5\libgcc.a(_fpcmp_parts_sf.o)
                0x00000bc4                __fpcmp_parts_f
 .text          0x00000c76        0x0 d:/imt/imt_sdk_win_64/winavr/bin/../lib/gcc/avr/4.3.3/avr5\libgcc.a(_clz.o)
                0x00000c76                . = ALIGN (0x2)
 *(.text.*)
 .text.TIMER1_voidInit
                0x00000c76       0x32 ./MCAL/TIMER_1/TIMER1_program.o
                0x00000c76                TIMER1_voidInit
 .text.TIMER1_voidSetTime
                0x00000ca8       0x9a ./MCAL/TIMER_1/TIMER1_program.o
                0x00000ca8                TIMER1_voidSetTime
 .text.TIMER1_voidStart
                0x00000d42       0x14 ./MCAL/TIMER_1/TIMER1_program.o
                0x00000d42                TIMER1_voidStart
 .text.TIMER1_voidStop
                0x00000d56       0x14 ./MCAL/TIMER_1/TIMER1_program.o
                0x00000d56                TIMER1_voidStop
 .text.PWM1_voidInit
                0x00000d6a       0x26 ./MCAL/TIMER_1/TIMER1_program.o
                0x00000d6a                PWM1_voidInit
 .text.PWM1_voidSetDutyCycle
                0x00000d90       0x22 ./MCAL/TIMER_1/TIMER1_program.o
                0x00000d90                PWM1_voidSetDutyCycle
 .text.PWM1_voidSetFrequency
                0x00000db2       0x12 ./MCAL/TIMER_1/TIMER1_program.o
                0x00000db2                PWM1_voidSetFrequency
 .text.PWM1_voidStart
                0x00000dc4       0x14 ./MCAL/TIMER_1/TIMER1_program.o
                0x00000dc4                PWM1_voidStart
 .text.PWM1_voidStop
                0x00000dd8       0x14 ./MCAL/TIMER_1/TIMER1_program.o
                0x00000dd8                PWM1_voidStop
 .text.TIMER1_voidSetCallBack
                0x00000dec        0xa ./MCAL/TIMER_1/TIMER1_program.o
                0x00000dec                TIMER1_voidSetCallBack
 .text.__vector_7
                0x00000df6       0x9e ./MCAL/TIMER_1/TIMER1_program.o
                0x00000df6                __vector_7
 .text.TIMER0_voidInit
                0x00000e94       0x1a ./MCAL/TIMER_0/TIMER0_program.o
                0x00000e94                TIMER0_voidInit
 .text.TIMER0_voidSetTime
                0x00000eae       0x66 ./MCAL/TIMER_0/TIMER0_program.o
                0x00000eae                TIMER0_voidSetTime
 .text.TIMER0_voidStart
                0x00000f14       0x14 ./MCAL/TIMER_0/TIMER0_program.o
                0x00000f14                TIMER0_voidStart
 .text.TIMER0_voidStop
                0x00000f28       0x14 ./MCAL/TIMER_0/TIMER0_program.o
                0x00000f28                TIMER0_voidStop
 .text.PWM0_voidInit
                0x00000f3c       0x1a ./MCAL/TIMER_0/TIMER0_program.o
                0x00000f3c                PWM0_voidInit
 .text.PWM0_voidSetDutyCycle
                0x00000f56       0x1c ./MCAL/TIMER_0/TIMER0_program.o
                0x00000f56                PWM0_voidSetDutyCycle
 .text.PWM0_voidStart
                0x00000f72        0x6 ./MCAL/TIMER_0/TIMER0_program.o
                0x00000f72                PWM0_voidStart
 .text.PWM0_voidStop
                0x00000f78        0x6 ./MCAL/TIMER_0/TIMER0_program.o
                0x00000f78                PWM0_voidStop
 .text.TIMER0_voidSetCallBack
                0x00000f7e        0xa ./MCAL/TIMER_0/TIMER0_program.o
                0x00000f7e                TIMER0_voidSetCallBack
 .text.TIMER0_voidSetCallBack_2
                0x00000f88       0x12 ./MCAL/TIMER_0/TIMER0_program.o
                0x00000f88                TIMER0_voidSetCallBack_2
 .text.__vector_10
                0x00000f9a       0x9e ./MCAL/TIMER_0/TIMER0_program.o
                0x00000f9a                __vector_10
 .text.__vector_11
                0x00001038       0xa6 ./MCAL/TIMER_0/TIMER0_program.o
                0x00001038                __vector_11
 .text.GIE_voidEnableGlobal
                0x000010de        0x8 ./MCAL/GIE/GIE_PROG.o
                0x000010de                GIE_voidEnableGlobal
 .text.GIE_voidDisableGlobal
                0x000010e6        0x8 ./MCAL/GIE/GIE_PROG.o
                0x000010e6                GIE_voidDisableGlobal
 .text.EXTI_voidINT0Init
                0x000010ee       0x14 ./MCAL/EXTI/EXTI_PROG.o
                0x000010ee                EXTI_voidINT0Init
 .text.EXTI_voidINT1Init
                0x00001102       0x14 ./MCAL/EXTI/EXTI_PROG.o
                0x00001102                EXTI_voidINT1Init
 .text.EXTI_voidINT2Init
                0x00001116        0xe ./MCAL/EXTI/EXTI_PROG.o
                0x00001116                EXTI_voidINT2Init
 .text.EXTI_u8SetSenseControl
                0x00001124       0xa4 ./MCAL/EXTI/EXTI_PROG.o
                0x00001124                EXTI_u8SetSenseControl
 .text.EXTI_u8INTSetCallBack
                0x000011c8       0x16 ./MCAL/EXTI/EXTI_PROG.o
                0x000011c8                EXTI_u8INTSetCallBack
 .text.__vector_1
                0x000011de       0x52 ./MCAL/EXTI/EXTI_PROG.o
                0x000011de                __vector_1
 .text.__vector_2
                0x00001230       0x52 ./MCAL/EXTI/EXTI_PROG.o
                0x00001230                __vector_2
 .text.__vector_3
                0x00001282       0x5a ./MCAL/EXTI/EXTI_PROG.o
                0x00001282                __vector_3
 .text.MDIO_voidSetPinMode
                0x000012dc       0xf4 ./MCAL/DIO/DIO_program.o
                0x000012dc                MDIO_voidSetPinMode
 .text.MDIO_voidSetPinValue
                0x000013d0       0xf4 ./MCAL/DIO/DIO_program.o
                0x000013d0                MDIO_voidSetPinValue
 .text.MDIO_voidTogPinValue
                0x000014c4       0x74 ./MCAL/DIO/DIO_program.o
                0x000014c4                MDIO_voidTogPinValue
 .text.MDIO_u8GetPinValue
                0x00001538       0x3e ./MCAL/DIO/DIO_program.o
                0x00001538                MDIO_u8GetPinValue
 .text.MDIO_voidSetPortMode
                0x00001576       0x26 ./MCAL/DIO/DIO_program.o
                0x00001576                MDIO_voidSetPortMode
 .text.MDIO_voidSetPortValue
                0x0000159c       0x26 ./MCAL/DIO/DIO_program.o
                0x0000159c                MDIO_voidSetPortValue
 .text.MDIO_voidTogPortValue
                0x000015c2       0x36 ./MCAL/DIO/DIO_program.o
                0x000015c2                MDIO_voidTogPortValue
 .text.MDIO_u8GetPortValue
                0x000015f8       0x26 ./MCAL/DIO/DIO_program.o
                0x000015f8                MDIO_u8GetPortValue
 .text.ADC_voidInit
                0x0000161e       0x12 ./MCAL/ADC/ADC_program.o
                0x0000161e                ADC_voidInit
 .text.ADC_u16Read
                0x00001630       0x6a ./MCAL/ADC/ADC_program.o
                0x00001630                ADC_u16Read
 .text.ADC_voidEnabled
                0x0000169a        0x4 ./MCAL/ADC/ADC_program.o
                0x0000169a                ADC_voidEnabled
 .text.ADC_voidDisabled
                0x0000169e        0x4 ./MCAL/ADC/ADC_program.o
                0x0000169e                ADC_voidDisabled
 .text.SERVO_INIT
                0x000016a2       0x44 ./HAL/SERVO/SERVO.o
                0x000016a2                SERVO_INIT
 .text.SERVO_STOP
                0x000016e6        0x6 ./HAL/SERVO/SERVO.o
                0x000016e6                SERVO_STOP
 .text.SERVO_START
                0x000016ec        0x6 ./HAL/SERVO/SERVO.o
                0x000016ec                SERVO_START
 .text.SET_SERVO_ANGLE
                0x000016f2       0x24 ./HAL/SERVO/SERVO.o
                0x000016f2                SET_SERVO_ANGLE
 .text.HLED_voidToggle
                0x00001716        0x6 ./HAL/LED/LED_program.o
                0x00001716                HLED_voidToggle
 .text.HLED_voidOff
                0x0000171c        0x8 ./HAL/LED/LED_program.o
                0x0000171c                HLED_voidOff
 .text.HLED_voidOn
                0x00001724        0x8 ./HAL/LED/LED_program.o
                0x00001724                HLED_voidOn
 .text.HLED_voidInit
                0x0000172c       0x1e ./HAL/LED/LED_program.o
                0x0000172c                HLED_voidInit
 .text.HLCD_voidWriteChracter
                0x0000174a       0xc0 ./HAL/LCD/LCD_program.o
                0x0000174a                HLCD_voidWriteChracter
 .text.HLCD_voidWriteFloatNumber
                0x0000180a      0x21c ./HAL/LCD/LCD_program.o
                0x0000180a                HLCD_voidWriteFloatNumber
 .text.HLCD_voidWriteIntNumber
                0x00001a26       0xf6 ./HAL/LCD/LCD_program.o
                0x00001a26                HLCD_voidWriteIntNumber
 .text.HLCD_voidWriteString
                0x00001b1c       0x26 ./HAL/LCD/LCD_program.o
                0x00001b1c                HLCD_voidWriteString
 .text.HLCD_voidWriteCmd
                0x00001b42       0xc0 ./HAL/LCD/LCD_program.o
                0x00001b42                HLCD_voidWriteCmd
 .text.HLCD_voidGoTo
                0x00001c02       0x1e ./HAL/LCD/LCD_program.o
                0x00001c02                HLCD_voidGoTo
 .text.HLCD_voidClear
                0x00001c20       0x10 ./HAL/LCD/LCD_program.o
                0x00001c20                HLCD_voidClear
 .text.HLCD_voidInit
                0x00001c30       0x7c ./HAL/LCD/LCD_program.o
                0x00001c30                HLCD_voidInit
 .text.KPD_U8GetPressedKey
                0x00001cac      0x10c ./HAL/KPD/KPD_PROG.o
                0x00001cac                KPD_U8GetPressedKey
 .text.HBUZ_voidLong
                0x00001db8        0x8 ./HAL/BUZZER/BUZZER_program.o
                0x00001db8                HBUZ_voidLong
 .text.HBUZ_voidTriple
                0x00001dc0       0xa0 ./HAL/BUZZER/BUZZER_program.o
                0x00001dc0                HBUZ_voidTriple
 .text.HBUZ_voidTwice
                0x00001e60       0x68 ./HAL/BUZZER/BUZZER_program.o
                0x00001e60                HBUZ_voidTwice
 .text.HBUZ_voidOnce
                0x00001ec8       0x30 ./HAL/BUZZER/BUZZER_program.o
                0x00001ec8                HBUZ_voidOnce
 .text.HBUZ_voidOff
                0x00001ef8        0x8 ./HAL/BUZZER/BUZZER_program.o
                0x00001ef8                HBUZ_voidOff
 .text.HBUZ_voidOn
                0x00001f00        0x8 ./HAL/BUZZER/BUZZER_program.o
                0x00001f00                HBUZ_voidOn
 .text.HBUZ_voidToggle
                0x00001f08        0x6 ./HAL/BUZZER/BUZZER_program.o
                0x00001f08                HBUZ_voidToggle
 .text.HBUZ_voidInit
                0x00001f0e       0x1e ./HAL/BUZZER/BUZZER_program.o
                0x00001f0e                HBUZ_voidInit
 .text.OpenSystem
                0x00001f2c      0x26a ./APP/main.o
                0x00001f2c                OpenSystem
 .text.LDR_On_LCD
                0x00002196      0x26c ./APP/main.o
                0x00002196                LDR_On_LCD
 .text.TempSensor
                0x00002402       0xa8 ./APP/main.o
                0x00002402                TempSensor
 .text.main     0x000024aa       0xec ./APP/main.o
                0x000024aa                main
 .text.libgcc   0x00002596       0x3e d:/imt/imt_sdk_win_64/winavr/bin/../lib/gcc/avr/4.3.3/avr5\libgcc.a(_mulsi3.o)
                0x00002596                __mulsi3
 .text.libgcc   0x000025d4       0x28 d:/imt/imt_sdk_win_64/winavr/bin/../lib/gcc/avr/4.3.3/avr5\libgcc.a(_udivmodhi4.o)
                0x000025d4                __udivmodhi4
 .text.libgcc   0x000025fc       0x44 d:/imt/imt_sdk_win_64/winavr/bin/../lib/gcc/avr/4.3.3/avr5\libgcc.a(_udivmodsi4.o)
                0x000025fc                __udivmodsi4
 .text.libgcc   0x00002640       0x36 d:/imt/imt_sdk_win_64/winavr/bin/../lib/gcc/avr/4.3.3/avr5\libgcc.a(_divmodsi4.o)
                0x00002640                __divmodsi4
 .text.libgcc   0x00002676        0x0 d:/imt/imt_sdk_win_64/winavr/bin/../lib/gcc/avr/4.3.3/avr5\libgcc.a(_exit.o)
 .text.libgcc   0x00002676        0x0 d:/imt/imt_sdk_win_64/winavr/bin/../lib/gcc/avr/4.3.3/avr5\libgcc.a(_copy_data.o)
 .text.libgcc   0x00002676        0x0 d:/imt/imt_sdk_win_64/winavr/bin/../lib/gcc/avr/4.3.3/avr5\libgcc.a(_clear_bss.o)
 .text.libgcc   0x00002676       0x38 d:/imt/imt_sdk_win_64/winavr/bin/../lib/gcc/avr/4.3.3/avr5\libgcc.a(_prologue.o)
                0x00002676                __prologue_saves__
 .text.libgcc   0x000026ae       0x36 d:/imt/imt_sdk_win_64/winavr/bin/../lib/gcc/avr/4.3.3/avr5\libgcc.a(_epilogue.o)
                0x000026ae                __epilogue_restores__
                0x000026e4                . = ALIGN (0x2)
 *(.fini9)
 .fini9         0x000026e4        0x0 d:/imt/imt_sdk_win_64/winavr/bin/../lib/gcc/avr/4.3.3/avr5\libgcc.a(_exit.o)
                0x000026e4                exit
                0x000026e4                _exit
 *(.fini9)
 *(.fini8)
 *(.fini8)
 *(.fini7)
 *(.fini7)
 *(.fini6)
 *(.fini6)
 *(.fini5)
 *(.fini5)
 *(.fini4)
 *(.fini4)
 *(.fini3)
 *(.fini3)
 *(.fini2)
 *(.fini2)
 *(.fini1)
 *(.fini1)
 *(.fini0)
 .fini0         0x000026e4        0x4 d:/imt/imt_sdk_win_64/winavr/bin/../lib/gcc/avr/4.3.3/avr5\libgcc.a(_exit.o)
 *(.fini0)
                0x000026e8                _etext = .

.data           0x00800060      0x1dc load address 0x000026e8
                0x00800060                PROVIDE (__data_start, .)
 *(.data)
 .data          0x00800060        0x0 d:/imt/imt_sdk_win_64/winavr/bin/../lib/gcc/avr/4.3.3/../../../../avr/lib/avr5/crtm32.o
 .data          0x00800060        0x0 ./MCAL/TIMER_1/TIMER1_program.o
 .data          0x00800060        0x0 ./MCAL/TIMER_0/TIMER0_program.o
 .data          0x00800060        0x0 ./MCAL/GIE/GIE_PROG.o
 .data          0x00800060        0x0 ./MCAL/EXTI/EXTI_PROG.o
 .data          0x00800060        0x0 ./MCAL/DIO/DIO_program.o
 .data          0x00800060        0x0 ./MCAL/ADC/ADC_program.o
 .data          0x00800060        0x0 ./HAL/SERVO/SERVO.o
 .data          0x00800060        0x0 ./HAL/LED/LED_program.o
 .data          0x00800060        0x0 ./HAL/LCD/LCD_program.o
 .data          0x00800060        0x0 ./HAL/KPD/KPD_PROG.o
 .data          0x00800060        0x0 ./HAL/BUZZER/BUZZER_program.o
 .data          0x00800060       0xb6 ./APP/main.o
 .data          0x00800116        0x0 d:/imt/imt_sdk_win_64/winavr/bin/../lib/gcc/avr/4.3.3/avr5\libgcc.a(_mulsi3.o)
 .data          0x00800116        0x0 d:/imt/imt_sdk_win_64/winavr/bin/../lib/gcc/avr/4.3.3/avr5\libgcc.a(_udivmodhi4.o)
 .data          0x00800116        0x0 d:/imt/imt_sdk_win_64/winavr/bin/../lib/gcc/avr/4.3.3/avr5\libgcc.a(_udivmodsi4.o)
 .data          0x00800116        0x0 d:/imt/imt_sdk_win_64/winavr/bin/../lib/gcc/avr/4.3.3/avr5\libgcc.a(_divmodsi4.o)
 .data          0x00800116        0x0 d:/imt/imt_sdk_win_64/winavr/bin/../lib/gcc/avr/4.3.3/avr5\libgcc.a(_exit.o)
 .data          0x00800116        0x0 d:/imt/imt_sdk_win_64/winavr/bin/../lib/gcc/avr/4.3.3/avr5\libgcc.a(_copy_data.o)
 .data          0x00800116        0x0 d:/imt/imt_sdk_win_64/winavr/bin/../lib/gcc/avr/4.3.3/avr5\libgcc.a(_clear_bss.o)
 .data          0x00800116        0x0 d:/imt/imt_sdk_win_64/winavr/bin/../lib/gcc/avr/4.3.3/avr5\libgcc.a(_fixunssfsi.o)
 .data          0x00800116        0x0 d:/imt/imt_sdk_win_64/winavr/bin/../lib/gcc/avr/4.3.3/avr5\libgcc.a(_addsub_sf.o)
 .data          0x00800116        0x0 d:/imt/imt_sdk_win_64/winavr/bin/../lib/gcc/avr/4.3.3/avr5\libgcc.a(_mul_sf.o)
 .data          0x00800116        0x0 d:/imt/imt_sdk_win_64/winavr/bin/../lib/gcc/avr/4.3.3/avr5\libgcc.a(_ge_sf.o)
 .data          0x00800116        0x0 d:/imt/imt_sdk_win_64/winavr/bin/../lib/gcc/avr/4.3.3/avr5\libgcc.a(_lt_sf.o)
 .data          0x00800116        0x0 d:/imt/imt_sdk_win_64/winavr/bin/../lib/gcc/avr/4.3.3/avr5\libgcc.a(_sf_to_si.o)
 .data          0x00800116        0x8 d:/imt/imt_sdk_win_64/winavr/bin/../lib/gcc/avr/4.3.3/avr5\libgcc.a(_thenan_sf.o)
                0x00800116                __thenan_sf
 .data          0x0080011e        0x0 d:/imt/imt_sdk_win_64/winavr/bin/../lib/gcc/avr/4.3.3/avr5\libgcc.a(_usi_to_sf.o)
 .data          0x0080011e        0x0 d:/imt/imt_sdk_win_64/winavr/bin/../lib/gcc/avr/4.3.3/avr5\libgcc.a(_prologue.o)
 .data          0x0080011e        0x0 d:/imt/imt_sdk_win_64/winavr/bin/../lib/gcc/avr/4.3.3/avr5\libgcc.a(_epilogue.o)
 .data          0x0080011e        0x0 d:/imt/imt_sdk_win_64/winavr/bin/../lib/gcc/avr/4.3.3/avr5\libgcc.a(_clzsi2.o)
 .data          0x0080011e        0x0 d:/imt/imt_sdk_win_64/winavr/bin/../lib/gcc/avr/4.3.3/avr5\libgcc.a(_pack_sf.o)
 .data          0x0080011e        0x0 d:/imt/imt_sdk_win_64/winavr/bin/../lib/gcc/avr/4.3.3/avr5\libgcc.a(_unpack_sf.o)
 .data          0x0080011e        0x0 d:/imt/imt_sdk_win_64/winavr/bin/../lib/gcc/avr/4.3.3/avr5\libgcc.a(_fpcmp_parts_sf.o)
 .data          0x0080011e      0x100 d:/imt/imt_sdk_win_64/winavr/bin/../lib/gcc/avr/4.3.3/avr5\libgcc.a(_clz.o)
                0x0080011e                __clz_tab
 *(.data*)
 .data.passwordData
                0x0080021e        0xa ./APP/main.o
                0x0080021e                passwordData
 .data.WrongCounter
                0x00800228        0x4 ./APP/main.o
                0x00800228                WrongCounter
 *(.rodata)
 *(.rodata*)
 .rodata.C.2.1231
                0x0080022c        0x3 ./HAL/KPD/KPD_PROG.o
 .rodata.C.1.1230
                0x0080022f        0x3 ./HAL/KPD/KPD_PROG.o
 .rodata.C.0.1229
                0x00800232        0x9 ./HAL/KPD/KPD_PROG.o
 *(.gnu.linkonce.d*)
                0x0080023c                . = ALIGN (0x2)
 *fill*         0x0080023b        0x1 00
                0x0080023c                _edata = .
                0x0080023c                PROVIDE (__data_end, .)

.bss            0x0080023c       0x30
                0x0080023c                PROVIDE (__bss_start, .)
 *(.bss)
 .bss           0x0080023c        0x0 d:/imt/imt_sdk_win_64/winavr/bin/../lib/gcc/avr/4.3.3/../../../../avr/lib/avr5/crtm32.o
 .bss           0x0080023c        0x0 ./MCAL/TIMER_1/TIMER1_program.o
 .bss           0x0080023c        0x0 ./MCAL/TIMER_0/TIMER0_program.o
 .bss           0x0080023c        0x0 ./MCAL/GIE/GIE_PROG.o
 .bss           0x0080023c        0x0 ./MCAL/EXTI/EXTI_PROG.o
 .bss           0x0080023c        0x0 ./MCAL/DIO/DIO_program.o
 .bss           0x0080023c        0x0 ./MCAL/ADC/ADC_program.o
 .bss           0x0080023c        0x0 ./HAL/SERVO/SERVO.o
 .bss           0x0080023c        0x0 ./HAL/LED/LED_program.o
 .bss           0x0080023c        0x0 ./HAL/LCD/LCD_program.o
 .bss           0x0080023c        0x0 ./HAL/KPD/KPD_PROG.o
 .bss           0x0080023c        0x0 ./HAL/BUZZER/BUZZER_program.o
 .bss           0x0080023c        0x0 ./APP/main.o
 .bss           0x0080023c        0x0 d:/imt/imt_sdk_win_64/winavr/bin/../lib/gcc/avr/4.3.3/avr5\libgcc.a(_mulsi3.o)
 .bss           0x0080023c        0x0 d:/imt/imt_sdk_win_64/winavr/bin/../lib/gcc/avr/4.3.3/avr5\libgcc.a(_udivmodhi4.o)
 .bss           0x0080023c        0x0 d:/imt/imt_sdk_win_64/winavr/bin/../lib/gcc/avr/4.3.3/avr5\libgcc.a(_udivmodsi4.o)
 .bss           0x0080023c        0x0 d:/imt/imt_sdk_win_64/winavr/bin/../lib/gcc/avr/4.3.3/avr5\libgcc.a(_divmodsi4.o)
 .bss           0x0080023c        0x0 d:/imt/imt_sdk_win_64/winavr/bin/../lib/gcc/avr/4.3.3/avr5\libgcc.a(_exit.o)
 .bss           0x0080023c        0x0 d:/imt/imt_sdk_win_64/winavr/bin/../lib/gcc/avr/4.3.3/avr5\libgcc.a(_copy_data.o)
 .bss           0x0080023c        0x0 d:/imt/imt_sdk_win_64/winavr/bin/../lib/gcc/avr/4.3.3/avr5\libgcc.a(_clear_bss.o)
 .bss           0x0080023c        0x0 d:/imt/imt_sdk_win_64/winavr/bin/../lib/gcc/avr/4.3.3/avr5\libgcc.a(_fixunssfsi.o)
 .bss           0x0080023c        0x0 d:/imt/imt_sdk_win_64/winavr/bin/../lib/gcc/avr/4.3.3/avr5\libgcc.a(_addsub_sf.o)
 .bss           0x0080023c        0x0 d:/imt/imt_sdk_win_64/winavr/bin/../lib/gcc/avr/4.3.3/avr5\libgcc.a(_mul_sf.o)
 .bss           0x0080023c        0x0 d:/imt/imt_sdk_win_64/winavr/bin/../lib/gcc/avr/4.3.3/avr5\libgcc.a(_ge_sf.o)
 .bss           0x0080023c        0x0 d:/imt/imt_sdk_win_64/winavr/bin/../lib/gcc/avr/4.3.3/avr5\libgcc.a(_lt_sf.o)
 .bss           0x0080023c        0x0 d:/imt/imt_sdk_win_64/winavr/bin/../lib/gcc/avr/4.3.3/avr5\libgcc.a(_sf_to_si.o)
 .bss           0x0080023c        0x0 d:/imt/imt_sdk_win_64/winavr/bin/../lib/gcc/avr/4.3.3/avr5\libgcc.a(_thenan_sf.o)
 .bss           0x0080023c        0x0 d:/imt/imt_sdk_win_64/winavr/bin/../lib/gcc/avr/4.3.3/avr5\libgcc.a(_usi_to_sf.o)
 .bss           0x0080023c        0x0 d:/imt/imt_sdk_win_64/winavr/bin/../lib/gcc/avr/4.3.3/avr5\libgcc.a(_prologue.o)
 .bss           0x0080023c        0x0 d:/imt/imt_sdk_win_64/winavr/bin/../lib/gcc/avr/4.3.3/avr5\libgcc.a(_epilogue.o)
 .bss           0x0080023c        0x0 d:/imt/imt_sdk_win_64/winavr/bin/../lib/gcc/avr/4.3.3/avr5\libgcc.a(_clzsi2.o)
 .bss           0x0080023c        0x0 d:/imt/imt_sdk_win_64/winavr/bin/../lib/gcc/avr/4.3.3/avr5\libgcc.a(_pack_sf.o)
 .bss           0x0080023c        0x0 d:/imt/imt_sdk_win_64/winavr/bin/../lib/gcc/avr/4.3.3/avr5\libgcc.a(_unpack_sf.o)
 .bss           0x0080023c        0x0 d:/imt/imt_sdk_win_64/winavr/bin/../lib/gcc/avr/4.3.3/avr5\libgcc.a(_fpcmp_parts_sf.o)
 .bss           0x0080023c        0x0 d:/imt/imt_sdk_win_64/winavr/bin/../lib/gcc/avr/4.3.3/avr5\libgcc.a(_clz.o)
 *(.bss*)
 .bss.num_of_cm_timer1
                0x0080023c        0x4 ./MCAL/TIMER_1/TIMER1_program.o
                0x0080023c                num_of_cm_timer1
 .bss.counter.1365
                0x00800240        0x4 ./MCAL/TIMER_1/TIMER1_program.o
 .bss.total_ticks
                0x00800244        0x4 ./MCAL/TIMER_1/TIMER1_program.o
 .bss.num_of_cm
                0x00800248        0x4 ./MCAL/TIMER_0/TIMER0_program.o
                0x00800248                num_of_cm
 .bss.num_of_ovf
                0x0080024c        0x4 ./MCAL/TIMER_0/TIMER0_program.o
 .bss.total_ticks
                0x00800250        0x4 ./MCAL/TIMER_0/TIMER0_program.o
 .bss.counter_OVF.1351
                0x00800254        0x4 ./MCAL/TIMER_0/TIMER0_program.o
 .bss.counter_CTC.1341
                0x00800258        0x4 ./MCAL/TIMER_0/TIMER0_program.o
 .bss.EXTI_pvINTCallBackFunc
                0x0080025c        0x6 ./MCAL/EXTI/EXTI_PROG.o
 .bss.index     0x00800262        0x1 ./APP/main.o
                0x00800262                index
 *(COMMON)
 COMMON         0x00800263        0x2 ./MCAL/TIMER_1/TIMER1_program.o
                0x00800263                TIMER1_CALL_BACK
 COMMON         0x00800265        0x6 ./MCAL/TIMER_0/TIMER0_program.o
                0x00800265                TIMER0_CALL_BACK_2
                0x00800267                TIMER0_CALL_BACK
                0x00800269                TIMER0_CALL_BACK_1
 COMMON         0x0080026b        0x1 ./APP/main.o
                0x0080026b                u8KpdOutput
                0x0080026c                PROVIDE (__bss_end, .)
                0x000026e8                __data_load_start = LOADADDR (.data)
                0x000028c4                __data_load_end = (__data_load_start + SIZEOF (.data))

.noinit         0x0080026c        0x0
                0x0080026c                PROVIDE (__noinit_start, .)
 *(.noinit*)
                0x0080026c                PROVIDE (__noinit_end, .)
                0x0080026c                _end = .
                0x0080026c                PROVIDE (__heap_start, .)

.eeprom         0x00810000        0x0
 *(.eeprom*)
                0x00810000                __eeprom_end = .

.fuse
 *(.fuse)
 *(.lfuse)
 *(.hfuse)
 *(.efuse)

.lock
 *(.lock*)

.signature
 *(.signature*)

.stab
 *(.stab)

.stabstr
 *(.stabstr)

.stab.excl
 *(.stab.excl)

.stab.exclstr
 *(.stab.exclstr)

.stab.index
 *(.stab.index)

.stab.indexstr
 *(.stab.indexstr)

.comment
 *(.comment)

.debug
 *(.debug)

.line
 *(.line)

.debug_srcinfo
 *(.debug_srcinfo)

.debug_sfnames
 *(.debug_sfnames)

.debug_aranges  0x00000000      0x160
 *(.debug_aranges)
 .debug_aranges
                0x00000000       0x20 d:/imt/imt_sdk_win_64/winavr/bin/../lib/gcc/avr/4.3.3/avr5\libgcc.a(_fixunssfsi.o)
 .debug_aranges
                0x00000020       0x20 d:/imt/imt_sdk_win_64/winavr/bin/../lib/gcc/avr/4.3.3/avr5\libgcc.a(_addsub_sf.o)
 .debug_aranges
                0x00000040       0x20 d:/imt/imt_sdk_win_64/winavr/bin/../lib/gcc/avr/4.3.3/avr5\libgcc.a(_mul_sf.o)
 .debug_aranges
                0x00000060       0x20 d:/imt/imt_sdk_win_64/winavr/bin/../lib/gcc/avr/4.3.3/avr5\libgcc.a(_ge_sf.o)
 .debug_aranges
                0x00000080       0x20 d:/imt/imt_sdk_win_64/winavr/bin/../lib/gcc/avr/4.3.3/avr5\libgcc.a(_lt_sf.o)
 .debug_aranges
                0x000000a0       0x20 d:/imt/imt_sdk_win_64/winavr/bin/../lib/gcc/avr/4.3.3/avr5\libgcc.a(_sf_to_si.o)
 .debug_aranges
                0x000000c0       0x20 d:/imt/imt_sdk_win_64/winavr/bin/../lib/gcc/avr/4.3.3/avr5\libgcc.a(_usi_to_sf.o)
 .debug_aranges
                0x000000e0       0x20 d:/imt/imt_sdk_win_64/winavr/bin/../lib/gcc/avr/4.3.3/avr5\libgcc.a(_clzsi2.o)
 .debug_aranges
                0x00000100       0x20 d:/imt/imt_sdk_win_64/winavr/bin/../lib/gcc/avr/4.3.3/avr5\libgcc.a(_pack_sf.o)
 .debug_aranges
                0x00000120       0x20 d:/imt/imt_sdk_win_64/winavr/bin/../lib/gcc/avr/4.3.3/avr5\libgcc.a(_unpack_sf.o)
 .debug_aranges
                0x00000140       0x20 d:/imt/imt_sdk_win_64/winavr/bin/../lib/gcc/avr/4.3.3/avr5\libgcc.a(_fpcmp_parts_sf.o)

.debug_pubnames
                0x00000000      0x1b5
 *(.debug_pubnames)
 .debug_pubnames
                0x00000000       0x23 d:/imt/imt_sdk_win_64/winavr/bin/../lib/gcc/avr/4.3.3/avr5\libgcc.a(_fixunssfsi.o)
 .debug_pubnames
                0x00000023       0x2c d:/imt/imt_sdk_win_64/winavr/bin/../lib/gcc/avr/4.3.3/avr5\libgcc.a(_addsub_sf.o)
 .debug_pubnames
                0x0000004f       0x1f d:/imt/imt_sdk_win_64/winavr/bin/../lib/gcc/avr/4.3.3/avr5\libgcc.a(_mul_sf.o)
 .debug_pubnames
                0x0000006e       0x1e d:/imt/imt_sdk_win_64/winavr/bin/../lib/gcc/avr/4.3.3/avr5\libgcc.a(_ge_sf.o)
 .debug_pubnames
                0x0000008c       0x1e d:/imt/imt_sdk_win_64/winavr/bin/../lib/gcc/avr/4.3.3/avr5\libgcc.a(_lt_sf.o)
 .debug_pubnames
                0x000000aa       0x20 d:/imt/imt_sdk_win_64/winavr/bin/../lib/gcc/avr/4.3.3/avr5\libgcc.a(_sf_to_si.o)
 .debug_pubnames
                0x000000ca       0x22 d:/imt/imt_sdk_win_64/winavr/bin/../lib/gcc/avr/4.3.3/avr5\libgcc.a(_thenan_sf.o)
 .debug_pubnames
                0x000000ec       0x24 d:/imt/imt_sdk_win_64/winavr/bin/../lib/gcc/avr/4.3.3/avr5\libgcc.a(_usi_to_sf.o)
 .debug_pubnames
                0x00000110       0x1f d:/imt/imt_sdk_win_64/winavr/bin/../lib/gcc/avr/4.3.3/avr5\libgcc.a(_clzsi2.o)
 .debug_pubnames
                0x0000012f       0x1f d:/imt/imt_sdk_win_64/winavr/bin/../lib/gcc/avr/4.3.3/avr5\libgcc.a(_pack_sf.o)
 .debug_pubnames
                0x0000014e       0x21 d:/imt/imt_sdk_win_64/winavr/bin/../lib/gcc/avr/4.3.3/avr5\libgcc.a(_unpack_sf.o)
 .debug_pubnames
                0x0000016f       0x26 d:/imt/imt_sdk_win_64/winavr/bin/../lib/gcc/avr/4.3.3/avr5\libgcc.a(_fpcmp_parts_sf.o)
 .debug_pubnames
                0x00000195       0x20 d:/imt/imt_sdk_win_64/winavr/bin/../lib/gcc/avr/4.3.3/avr5\libgcc.a(_clz.o)

.debug_info     0x00000000     0x1d90
 *(.debug_info)
 .debug_info    0x00000000       0xb1 d:/imt/imt_sdk_win_64/winavr/bin/../lib/gcc/avr/4.3.3/avr5\libgcc.a(_fixunssfsi.o)
 .debug_info    0x000000b1      0x47a d:/imt/imt_sdk_win_64/winavr/bin/../lib/gcc/avr/4.3.3/avr5\libgcc.a(_addsub_sf.o)
 .debug_info    0x0000052b      0x485 d:/imt/imt_sdk_win_64/winavr/bin/../lib/gcc/avr/4.3.3/avr5\libgcc.a(_mul_sf.o)
 .debug_info    0x000009b0      0x27f d:/imt/imt_sdk_win_64/winavr/bin/../lib/gcc/avr/4.3.3/avr5\libgcc.a(_ge_sf.o)
 .debug_info    0x00000c2f      0x27f d:/imt/imt_sdk_win_64/winavr/bin/../lib/gcc/avr/4.3.3/avr5\libgcc.a(_lt_sf.o)
 .debug_info    0x00000eae      0x2b0 d:/imt/imt_sdk_win_64/winavr/bin/../lib/gcc/avr/4.3.3/avr5\libgcc.a(_sf_to_si.o)
 .debug_info    0x0000115e      0x12c d:/imt/imt_sdk_win_64/winavr/bin/../lib/gcc/avr/4.3.3/avr5\libgcc.a(_thenan_sf.o)
 .debug_info    0x0000128a      0x206 d:/imt/imt_sdk_win_64/winavr/bin/../lib/gcc/avr/4.3.3/avr5\libgcc.a(_usi_to_sf.o)
 .debug_info    0x00001490      0x117 d:/imt/imt_sdk_win_64/winavr/bin/../lib/gcc/avr/4.3.3/avr5\libgcc.a(_clzsi2.o)
 .debug_info    0x000015a7      0x2df d:/imt/imt_sdk_win_64/winavr/bin/../lib/gcc/avr/4.3.3/avr5\libgcc.a(_pack_sf.o)
 .debug_info    0x00001886      0x251 d:/imt/imt_sdk_win_64/winavr/bin/../lib/gcc/avr/4.3.3/avr5\libgcc.a(_unpack_sf.o)
 .debug_info    0x00001ad7      0x210 d:/imt/imt_sdk_win_64/winavr/bin/../lib/gcc/avr/4.3.3/avr5\libgcc.a(_fpcmp_parts_sf.o)
 .debug_info    0x00001ce7       0xa9 d:/imt/imt_sdk_win_64/winavr/bin/../lib/gcc/avr/4.3.3/avr5\libgcc.a(_clz.o)
 *(.gnu.linkonce.wi.*)

.debug_abbrev   0x00000000     0x1016
 *(.debug_abbrev)
 .debug_abbrev  0x00000000       0x5d d:/imt/imt_sdk_win_64/winavr/bin/../lib/gcc/avr/4.3.3/avr5\libgcc.a(_fixunssfsi.o)
 .debug_abbrev  0x0000005d      0x1ea d:/imt/imt_sdk_win_64/winavr/bin/../lib/gcc/avr/4.3.3/avr5\libgcc.a(_addsub_sf.o)
 .debug_abbrev  0x00000247      0x21b d:/imt/imt_sdk_win_64/winavr/bin/../lib/gcc/avr/4.3.3/avr5\libgcc.a(_mul_sf.o)
 .debug_abbrev  0x00000462      0x15a d:/imt/imt_sdk_win_64/winavr/bin/../lib/gcc/avr/4.3.3/avr5\libgcc.a(_ge_sf.o)
 .debug_abbrev  0x000005bc      0x15a d:/imt/imt_sdk_win_64/winavr/bin/../lib/gcc/avr/4.3.3/avr5\libgcc.a(_lt_sf.o)
 .debug_abbrev  0x00000716      0x17f d:/imt/imt_sdk_win_64/winavr/bin/../lib/gcc/avr/4.3.3/avr5\libgcc.a(_sf_to_si.o)
 .debug_abbrev  0x00000895       0xad d:/imt/imt_sdk_win_64/winavr/bin/../lib/gcc/avr/4.3.3/avr5\libgcc.a(_thenan_sf.o)
 .debug_abbrev  0x00000942      0x157 d:/imt/imt_sdk_win_64/winavr/bin/../lib/gcc/avr/4.3.3/avr5\libgcc.a(_usi_to_sf.o)
 .debug_abbrev  0x00000a99       0xc4 d:/imt/imt_sdk_win_64/winavr/bin/../lib/gcc/avr/4.3.3/avr5\libgcc.a(_clzsi2.o)
 .debug_abbrev  0x00000b5d      0x1c0 d:/imt/imt_sdk_win_64/winavr/bin/../lib/gcc/avr/4.3.3/avr5\libgcc.a(_pack_sf.o)
 .debug_abbrev  0x00000d1d      0x154 d:/imt/imt_sdk_win_64/winavr/bin/../lib/gcc/avr/4.3.3/avr5\libgcc.a(_unpack_sf.o)
 .debug_abbrev  0x00000e71      0x13b d:/imt/imt_sdk_win_64/winavr/bin/../lib/gcc/avr/4.3.3/avr5\libgcc.a(_fpcmp_parts_sf.o)
 .debug_abbrev  0x00000fac       0x6a d:/imt/imt_sdk_win_64/winavr/bin/../lib/gcc/avr/4.3.3/avr5\libgcc.a(_clz.o)

.debug_line     0x00000000      0xf2e
 *(.debug_line)
 .debug_line    0x00000000       0xa7 d:/imt/imt_sdk_win_64/winavr/bin/../lib/gcc/avr/4.3.3/avr5\libgcc.a(_fixunssfsi.o)
 .debug_line    0x000000a7      0x2af d:/imt/imt_sdk_win_64/winavr/bin/../lib/gcc/avr/4.3.3/avr5\libgcc.a(_addsub_sf.o)
 .debug_line    0x00000356      0x239 d:/imt/imt_sdk_win_64/winavr/bin/../lib/gcc/avr/4.3.3/avr5\libgcc.a(_mul_sf.o)
 .debug_line    0x0000058f       0xd3 d:/imt/imt_sdk_win_64/winavr/bin/../lib/gcc/avr/4.3.3/avr5\libgcc.a(_ge_sf.o)
 .debug_line    0x00000662       0xd3 d:/imt/imt_sdk_win_64/winavr/bin/../lib/gcc/avr/4.3.3/avr5\libgcc.a(_lt_sf.o)
 .debug_line    0x00000735      0x109 d:/imt/imt_sdk_win_64/winavr/bin/../lib/gcc/avr/4.3.3/avr5\libgcc.a(_sf_to_si.o)
 .debug_line    0x0000083e       0x90 d:/imt/imt_sdk_win_64/winavr/bin/../lib/gcc/avr/4.3.3/avr5\libgcc.a(_thenan_sf.o)
 .debug_line    0x000008ce      0x133 d:/imt/imt_sdk_win_64/winavr/bin/../lib/gcc/avr/4.3.3/avr5\libgcc.a(_usi_to_sf.o)
 .debug_line    0x00000a01       0xa5 d:/imt/imt_sdk_win_64/winavr/bin/../lib/gcc/avr/4.3.3/avr5\libgcc.a(_clzsi2.o)
 .debug_line    0x00000aa6      0x18a d:/imt/imt_sdk_win_64/winavr/bin/../lib/gcc/avr/4.3.3/avr5\libgcc.a(_pack_sf.o)
 .debug_line    0x00000c30      0x14b d:/imt/imt_sdk_win_64/winavr/bin/../lib/gcc/avr/4.3.3/avr5\libgcc.a(_unpack_sf.o)
 .debug_line    0x00000d7b      0x137 d:/imt/imt_sdk_win_64/winavr/bin/../lib/gcc/avr/4.3.3/avr5\libgcc.a(_fpcmp_parts_sf.o)
 .debug_line    0x00000eb2       0x7c d:/imt/imt_sdk_win_64/winavr/bin/../lib/gcc/avr/4.3.3/avr5\libgcc.a(_clz.o)

.debug_frame    0x00000000      0x180
 *(.debug_frame)
 .debug_frame   0x00000000       0x20 d:/imt/imt_sdk_win_64/winavr/bin/../lib/gcc/avr/4.3.3/avr5\libgcc.a(_fixunssfsi.o)
 .debug_frame   0x00000020       0x40 d:/imt/imt_sdk_win_64/winavr/bin/../lib/gcc/avr/4.3.3/avr5\libgcc.a(_addsub_sf.o)
 .debug_frame   0x00000060       0x20 d:/imt/imt_sdk_win_64/winavr/bin/../lib/gcc/avr/4.3.3/avr5\libgcc.a(_mul_sf.o)
 .debug_frame   0x00000080       0x20 d:/imt/imt_sdk_win_64/winavr/bin/../lib/gcc/avr/4.3.3/avr5\libgcc.a(_ge_sf.o)
 .debug_frame   0x000000a0       0x20 d:/imt/imt_sdk_win_64/winavr/bin/../lib/gcc/avr/4.3.3/avr5\libgcc.a(_lt_sf.o)
 .debug_frame   0x000000c0       0x20 d:/imt/imt_sdk_win_64/winavr/bin/../lib/gcc/avr/4.3.3/avr5\libgcc.a(_sf_to_si.o)
 .debug_frame   0x000000e0       0x20 d:/imt/imt_sdk_win_64/winavr/bin/../lib/gcc/avr/4.3.3/avr5\libgcc.a(_usi_to_sf.o)
 .debug_frame   0x00000100       0x20 d:/imt/imt_sdk_win_64/winavr/bin/../lib/gcc/avr/4.3.3/avr5\libgcc.a(_clzsi2.o)
 .debug_frame   0x00000120       0x20 d:/imt/imt_sdk_win_64/winavr/bin/../lib/gcc/avr/4.3.3/avr5\libgcc.a(_pack_sf.o)
 .debug_frame   0x00000140       0x20 d:/imt/imt_sdk_win_64/winavr/bin/../lib/gcc/avr/4.3.3/avr5\libgcc.a(_unpack_sf.o)
 .debug_frame   0x00000160       0x20 d:/imt/imt_sdk_win_64/winavr/bin/../lib/gcc/avr/4.3.3/avr5\libgcc.a(_fpcmp_parts_sf.o)

.debug_str      0x00000000      0x2b9
 *(.debug_str)
 .debug_str     0x00000000       0xbf d:/imt/imt_sdk_win_64/winavr/bin/../lib/gcc/avr/4.3.3/avr5\libgcc.a(_fixunssfsi.o)
                                 0xfe (size before relaxing)
 .debug_str     0x000000bf      0x14d d:/imt/imt_sdk_win_64/winavr/bin/../lib/gcc/avr/4.3.3/avr5\libgcc.a(_addsub_sf.o)
                                0x206 (size before relaxing)
 .debug_str     0x0000020c       0x27 d:/imt/imt_sdk_win_64/winavr/bin/../lib/gcc/avr/4.3.3/avr5\libgcc.a(_mul_sf.o)
                                0x1bf (size before relaxing)
 .debug_str     0x00000233        0x8 d:/imt/imt_sdk_win_64/winavr/bin/../lib/gcc/avr/4.3.3/avr5\libgcc.a(_ge_sf.o)
                                0x195 (size before relaxing)
 .debug_str     0x0000023b        0x8 d:/imt/imt_sdk_win_64/winavr/bin/../lib/gcc/avr/4.3.3/avr5\libgcc.a(_lt_sf.o)
                                0x195 (size before relaxing)
 .debug_str     0x00000243        0xa d:/imt/imt_sdk_win_64/winavr/bin/../lib/gcc/avr/4.3.3/avr5\libgcc.a(_sf_to_si.o)
                                0x19e (size before relaxing)
 .debug_str     0x00000000      0x103 d:/imt/imt_sdk_win_64/winavr/bin/../lib/gcc/avr/4.3.3/avr5\libgcc.a(_thenan_sf.o)
 .debug_str     0x0000024d       0x21 d:/imt/imt_sdk_win_64/winavr/bin/../lib/gcc/avr/4.3.3/avr5\libgcc.a(_usi_to_sf.o)
                                0x177 (size before relaxing)
 .debug_str     0x0000026e       0x20 d:/imt/imt_sdk_win_64/winavr/bin/../lib/gcc/avr/4.3.3/avr5\libgcc.a(_clzsi2.o)
                                0x111 (size before relaxing)
 .debug_str     0x0000028e       0x10 d:/imt/imt_sdk_win_64/winavr/bin/../lib/gcc/avr/4.3.3/avr5\libgcc.a(_pack_sf.o)
                                0x19d (size before relaxing)
 .debug_str     0x0000029e        0xb d:/imt/imt_sdk_win_64/winavr/bin/../lib/gcc/avr/4.3.3/avr5\libgcc.a(_unpack_sf.o)
                                0x17f (size before relaxing)
 .debug_str     0x000002a9       0x10 d:/imt/imt_sdk_win_64/winavr/bin/../lib/gcc/avr/4.3.3/avr5\libgcc.a(_fpcmp_parts_sf.o)
                                0x163 (size before relaxing)
 .debug_str     0x00000000       0xf4 d:/imt/imt_sdk_win_64/winavr/bin/../lib/gcc/avr/4.3.3/avr5\libgcc.a(_clz.o)

.debug_loc      0x00000000      0x872
 *(.debug_loc)
 .debug_loc     0x00000000       0x34 d:/imt/imt_sdk_win_64/winavr/bin/../lib/gcc/avr/4.3.3/avr5\libgcc.a(_fixunssfsi.o)
 .debug_loc     0x00000034      0x32a d:/imt/imt_sdk_win_64/winavr/bin/../lib/gcc/avr/4.3.3/avr5\libgcc.a(_addsub_sf.o)
 .debug_loc     0x0000035e      0x104 d:/imt/imt_sdk_win_64/winavr/bin/../lib/gcc/avr/4.3.3/avr5\libgcc.a(_mul_sf.o)
 .debug_loc     0x00000462       0x3c d:/imt/imt_sdk_win_64/winavr/bin/../lib/gcc/avr/4.3.3/avr5\libgcc.a(_ge_sf.o)
 .debug_loc     0x0000049e       0x3c d:/imt/imt_sdk_win_64/winavr/bin/../lib/gcc/avr/4.3.3/avr5\libgcc.a(_lt_sf.o)
 .debug_loc     0x000004da       0x7e d:/imt/imt_sdk_win_64/winavr/bin/../lib/gcc/avr/4.3.3/avr5\libgcc.a(_sf_to_si.o)
 .debug_loc     0x00000558       0x4c d:/imt/imt_sdk_win_64/winavr/bin/../lib/gcc/avr/4.3.3/avr5\libgcc.a(_usi_to_sf.o)
 .debug_loc     0x000005a4       0x94 d:/imt/imt_sdk_win_64/winavr/bin/../lib/gcc/avr/4.3.3/avr5\libgcc.a(_clzsi2.o)
 .debug_loc     0x00000638      0x13e d:/imt/imt_sdk_win_64/winavr/bin/../lib/gcc/avr/4.3.3/avr5\libgcc.a(_pack_sf.o)
 .debug_loc     0x00000776       0xac d:/imt/imt_sdk_win_64/winavr/bin/../lib/gcc/avr/4.3.3/avr5\libgcc.a(_unpack_sf.o)
 .debug_loc     0x00000822       0x50 d:/imt/imt_sdk_win_64/winavr/bin/../lib/gcc/avr/4.3.3/avr5\libgcc.a(_fpcmp_parts_sf.o)

.debug_macinfo
 *(.debug_macinfo)
OUTPUT(Smart_Home.elf elf32-avr)
LOAD linker stubs

.debug_ranges   0x00000000       0x50
 .debug_ranges  0x00000000       0x50 d:/imt/imt_sdk_win_64/winavr/bin/../lib/gcc/avr/4.3.3/avr5\libgcc.a(_mul_sf.o)
